
Running 5 tests using 1 worker

[1A[2K[1/5] [setup] ΓÇ║ tests\e2e\auth.setup.ts:77:1 ΓÇ║ authenticate
[1A[2K[setup] ΓÇ║ tests\e2e\auth.setup.ts:77:1 ΓÇ║ authenticate
[auth] Token expires in 0 days - re-authenticating

[1A[2K[auth] Authenticating test user...

[1A[2K[auth] Authentication successful, state saved

[1A[2K[2/5] [chromium] ΓÇ║ tests\e2e\flows\blocking-issues.spec.ts:15:3 ΓÇ║ E2E-201: Blocking Issues Flow ΓÇ║ expedite PO action navigates to PO detail page
[1A[2K  1) [chromium] ΓÇ║ tests\e2e\flows\blocking-issues.spec.ts:15:3 ΓÇ║ E2E-201: Blocking Issues Flow ΓÇ║ expedite PO action navigates to PO detail page 

    Error: locator.click: Error: strict mode violation: getByRole('button', { name: 'View' }) resolved to 2 elements:
        1) <button class="px-4 py-3 bg-purple-600 text-white rounded-lg hover:bg-purple-700 flex items-center justify-center gap-2 transition-colors">ΓÇª</button> aka getByRole('button', { name: 'View in Production' })
        2) <button class="text-blue-400 hover:text-blue-300 text-sm flex items-center gap-1">ΓÇª</button> aka getByRole('button', { name: 'View', exact: true })

    Call log:
    [2m  - waiting for getByRole('button', { name: 'View' })[22m


      45 |
      46 |     // Click View to go to PO detail
    > 47 |     await page.getByRole('button', { name: 'View' }).click();
         |                                                      ^
      48 |
      49 |     // Verify we're on the PO detail page
      50 |     await expect(page).toHaveURL(/\/admin\/purchasing\/\d+/);
        at C:\repos\filaops\frontend\tests\e2e\flows\blocking-issues.spec.ts:47:54

    Error Context: test-results\flows-blocking-issues-E2E--e73a5-navigates-to-PO-detail-page-chromium\error-context.md


[1A[2K[3/5] [chromium] ΓÇ║ tests\e2e\flows\blocking-issues.spec.ts:57:8 ΓÇ║ E2E-201: Blocking Issues Flow ΓÇ║ create PO action opens pre-filled modal
[1A[2K[4/5] [chromium] ΓÇ║ tests\e2e\flows\blocking-issues.spec.ts:65:3 ΓÇ║ E2E-201: Blocking Issues Flow ΓÇ║ SO blocking-issues API returns correct structure
[1A[2K  2) [chromium] ΓÇ║ tests\e2e\flows\blocking-issues.spec.ts:65:3 ΓÇ║ E2E-201: Blocking Issues Flow ΓÇ║ SO blocking-issues API returns correct structure 

    Error: [2mexpect([22m[31mreceived[39m[2m).[22mtoBeTruthy[2m()[22m

    Received: [31mfalse[39m

      76 |     );
      77 |
    > 78 |     expect(response.ok()).toBeTruthy();
         |                           ^
      79 |
      80 |     const data = await response.json();
      81 |     
        at C:\repos\filaops\frontend\tests\e2e\flows\blocking-issues.spec.ts:78:27


[1A[2K[5/5] [chromium] ΓÇ║ tests\e2e\flows\blocking-issues.spec.ts:92:3 ΓÇ║ E2E-201: Blocking Issues Flow ΓÇ║ PO blocking-issues API returns correct structure
[1A[2K  3) [chromium] ΓÇ║ tests\e2e\flows\blocking-issues.spec.ts:92:3 ΓÇ║ E2E-201: Blocking Issues Flow ΓÇ║ PO blocking-issues API returns correct structure 

    Error: [2mexpect([22m[31mreceived[39m[2m).[22mtoBeTruthy[2m()[22m

    Received: [31mfalse[39m

      103 |     );
      104 |
    > 105 |     expect(response.ok()).toBeTruthy();
          |                           ^
      106 |
      107 |     const data = await response.json();
      108 |     
        at C:\repos\filaops\frontend\tests\e2e\flows\blocking-issues.spec.ts:105:27


[1A[2K  3 failed
    [chromium] ΓÇ║ tests\e2e\flows\blocking-issues.spec.ts:15:3 ΓÇ║ E2E-201: Blocking Issues Flow ΓÇ║ expedite PO action navigates to PO detail page 
    [chromium] ΓÇ║ tests\e2e\flows\blocking-issues.spec.ts:65:3 ΓÇ║ E2E-201: Blocking Issues Flow ΓÇ║ SO blocking-issues API returns correct structure 
    [chromium] ΓÇ║ tests\e2e\flows\blocking-issues.spec.ts:92:3 ΓÇ║ E2E-201: Blocking Issues Flow ΓÇ║ PO blocking-issues API returns correct structure 
  1 skipped
  1 passed (17.5s)

[36m  Serving HTML report at http://localhost:9323. Press Ctrl+C to quit.[39m
